
  module.vcxproj -> c:\Users\Admin\Desktop\module\Vicna\x64\Release\Ronix-Module.dll
